id: html-comment
snapshots:
  <!-- This is an HTML comment -->:
    labels:
    - source: <!-- This is an HTML comment -->
      style: primary
      start: 0
      end: 32
  <p>something</p> <!-- no comment -->:
    labels:
    - source: <!-- no comment -->
      style: primary
      start: 17
      end: 36
