id: javascript-comment
snapshots:
  /* This is a JavaScript comment */:
    labels:
    - source: /* This is a JavaScript comment */
      style: primary
      start: 0
      end: 34
  // This is another JavaScript comment:
    labels:
    - source: // This is another JavaScript comment
      style: primary
      start: 0
      end: 37
  console.log("something else"); // another comment:
    labels:
    - source: // another comment
      style: primary
      start: 31
      end: 49
  console.log("something"); /* no comment */:
    labels:
    - source: /* no comment */
      style: primary
      start: 26
      end: 42
