id: php-comment
snapshots:
  /* Another comment, C-style */:
    labels:
    - source: /* Another comment, C-style */
      style: primary
      start: 0
      end: 30
  // This is a PHP comment:
    labels:
    - source: // This is a PHP comment
      style: primary
      start: 0
      end: 24
  echo "something else"  \# another comment:
    labels:
    - source: '# another comment'
      style: primary
      start: 24
      end: 41
  echo "something"  // no comment:
    labels:
    - source: // no comment
      style: primary
      start: 18
      end: 31
